
PostsController
  GET #index
[32m    should get all posts[0m

Finished in 0.00971 seconds (files took 2.29 seconds to load)
[32m1 example, 0 failures[0m

